
> react-typescript-starter@0.1.0 test
> react-scripts test "--coverage"

PASS src/App.test.tsx
  Scheduler Tests
    ✓ The App renders (91 ms)
    ✓ List of plans and welcome message visible (84 ms)
    ✓ Can view semester (117 ms)
    ✓ Can edit courses (233 ms)
    ✓ Buttons to add and remove semesters visible when inside of a plan (69 ms)
    ✓ Pressing remove semester button creates new buttons to remove each semester in plan (76 ms)
    ✓ Pressing remove semester button removes semester from plan (99 ms)
    ✓ A removed semester stays removed when you exit the plan and return to it (177 ms)

-------------------------------|---------|----------|---------|---------|--------------------------------
File                           | % Stmts | % Branch | % Funcs | % Lines | Uncovered Line #s              
-------------------------------|---------|----------|---------|---------|--------------------------------
All files                      |   43.91 |       50 |   38.98 |   43.31 |                                
 src                           |   43.91 |       50 |   38.98 |   43.31 |                                
  App.tsx                      |   57.62 |    38.88 |   46.66 |   56.14 | 48,56-64,71,93-103,122-143,242 
  CourseComponent.tsx          |   63.15 |     90.9 |      50 |   63.15 | 47,74-84,135-138               
  DegreePlanComponent.tsx      |   27.27 |     6.25 |    37.5 |   27.27 | 66-115,129                     
  DegreePlansListComponent.tsx |    37.5 |       50 |      30 |    37.5 | 21-36,81,102-125               
  SemesterComponent.tsx        |   35.48 |       50 |   33.33 |   35.48 | 68-143,158,208-216             
 src/interfaces                |       0 |        0 |       0 |       0 |                                
  catalog.ts                   |       0 |        0 |       0 |       0 |                                
  course.ts                    |       0 |        0 |       0 |       0 |                                
  plan.ts                      |       0 |        0 |       0 |       0 |                                
  semester.ts                  |       0 |        0 |       0 |       0 |                                
-------------------------------|---------|----------|---------|---------|--------------------------------
Test Suites: 1 passed, 1 total
Tests:       8 passed, 8 total
Snapshots:   0 total
Time:        3.493 s
Ran all test suites.
